// Vitest Snapshot v1, https://vitest.dev/guide/snapshot.html

exports[`Testing the ArrowKey.tsx file > displays the pressed arrow key 1`] = `
<div>
  <h1>
    testing
  </h1>
  <div>
    <label
      for="arrow"
    >
      Enter the text
    </label>
    <input
      id="arrow"
      placeholder="Enter your text"
      type="text"
    />
  </div>
</div>
`;
