// Vitest Snapshot v1, https://vitest.dev/guide/snapshot.html

exports[`Testing the EnterKeyInput.tsx file > Should detect Enter key press 1`] = `
<div>
  <h1>
    Hello
  </h1>
  <div>
    <label
      for="enterKeyInput"
    >
      Enter the Text Here
    </label>
    <input
      id="enterKeyInput"
      type="text"
      value=""
    />
  </div>
</div>
`;
