// Vitest Snapshot v1, https://vitest.dev/guide/snapshot.html

exports[`Testing the PasswordInput.tsx > registered a pass word input and displays it 1`] = `
<div>
  <label
    for="pass"
  >
    Enter Your Password
  </label>
  <input
    id="pass"
    name="pass"
    placeholder="jbji#Ib3j2"
    type="text"
    value=""
  />
</div>
`;
