// Vitest Snapshot v1, https://vitest.dev/guide/snapshot.html

exports[`Testing the PasteInput.tsx file > displays the pasted text 1`] = `
<div>
  <div>
    <label
      for="paste"
    >
      Paste Your Text here.
    </label>
    <input
      id="paste"
      name="paste"
      placeholder="paste here"
      type="text"
      value=""
    />
  </div>
</div>
`;
